\BOOKMARK [0][-]{chapter.1}{\376\377\000I\000n\000t\000r\000o\000d\000u\000c\000t\000i\000o\000n}{}% 1
\BOOKMARK [1][-]{section.1.1}{\376\377\000M\000o\000t\000i\000v\000a\000t\000i\000o\000n}{chapter.1}% 2
\BOOKMARK [1][-]{section.1.2}{\376\377\000P\000r\000o\000b\000l\000e\000m\000\040\000F\000o\000r\000m\000u\000l\000a\000t\000i\000o\000n}{chapter.1}% 3
\BOOKMARK [2][-]{subsection.1.2.1}{\376\377\000D\000a\000t\000a\000\040\000F\000u\000s\000i\000o\000n}{section.1.2}% 4
\BOOKMARK [2][-]{subsection.1.2.2}{\376\377\000D\000y\000n\000a\000m\000i\000c\000\040\000E\000n\000v\000i\000r\000o\000n\000m\000e\000n\000t\000s}{section.1.2}% 5
\BOOKMARK [2][-]{subsection.1.2.3}{\376\377\000I\000n\000t\000e\000r\000a\000c\000t\000i\000o\000n\000\040\000M\000o\000d\000e\000l\000i\000n\000g}{section.1.2}% 6
\BOOKMARK [2][-]{subsection.1.2.4}{\376\377\000R\000e\000a\000l\000-\000W\000o\000r\000l\000d\000\040\000C\000o\000n\000s\000t\000r\000a\000i\000n\000t\000s}{section.1.2}% 7
\BOOKMARK [1][-]{section.1.3}{\376\377\000T\000h\000e\000s\000i\000s\000\040\000O\000u\000t\000l\000i\000n\000e}{chapter.1}% 8
\BOOKMARK [0][-]{chapter.2}{\376\377\000O\000v\000e\000r\000v\000i\000e\000w\000\040\000o\000f\000\040\000T\000r\000a\000j\000e\000c\000t\000o\000r\000y\000\040\000P\000r\000e\000d\000i\000c\000t\000i\000o\000n\000\040\000M\000e\000t\000h\000o\000d\000s}{}% 9
\BOOKMARK [1][-]{section.2.1}{\376\377\000B\000a\000c\000k\000g\000r\000o\000u\000n\000d}{chapter.2}% 10
\BOOKMARK [1][-]{section.2.2}{\376\377\000R\000e\000l\000a\000t\000e\000d\000\040\000W\000o\000r\000k\000\040\000\050\000t\000o\000\040\000y\000o\000u\000r\000\040\000w\000o\000r\000k\000\051}{chapter.2}% 11
\BOOKMARK [1][-]{section.2.3}{\376\377\000S\000u\000m\000m\000a\000r\000y\000\040\000a\000n\000d\000\040\000S\000t\000a\000r\000t\000i\000n\000g\000\040\000P\000o\000i\000n\000t\000s}{chapter.2}% 12
\BOOKMARK [0][-]{chapter.3}{\376\377\000O\000b\000j\000e\000c\000t\000i\000v\000e\000s\000\040\000a\000n\000d\000\040\000M\000e\000t\000h\000o\000d\000o\000l\000o\000g\000y}{}% 13
\BOOKMARK [1][-]{section.3.1}{\376\377\000O\000b\000j\000e\000c\000t\000i\000v\000e\000s}{chapter.3}% 14
\BOOKMARK [1][-]{section.3.2}{\376\377\000M\000e\000t\000h\000o\000d\000o\000l\000o\000g\000y}{chapter.3}% 15
\BOOKMARK [0][-]{chapter.4}{\376\377\000D\000e\000s\000i\000g\000n\000\040\000/\000\040\000M\000e\000t\000h\000o\000d\000s\000\040\000D\000e\000s\000c\000r\000i\000p\000t\000i\000o\000n}{}% 16
\BOOKMARK [0][-]{chapter.5}{\376\377\000I\000m\000p\000l\000e\000m\000e\000n\000t\000a\000t\000i\000o\000n}{}% 17
\BOOKMARK [0][-]{chapter.6}{\376\377\000E\000x\000p\000e\000r\000i\000m\000e\000n\000t\000s\000\040\000a\000n\000d\000\040\000E\000v\000a\000l\000u\000a\000t\000i\000o\000n}{}% 18
\BOOKMARK [1][-]{section.6.1}{\376\377\000S\000e\000t\000u\000p}{chapter.6}% 19
\BOOKMARK [1][-]{section.6.2}{\376\377\000C\000a\000s\000e\000\040\000S\000t\000u\000d\000y\000\040\000-\000\040\000E\000x\000p\000e\000r\000i\000m\000e\000n\000t\000\040\0000\0001}{chapter.6}% 20
\BOOKMARK [1][-]{section.6.3}{\376\377\000C\000a\000s\000e\000\040\000S\000t\000u\000d\000y\000\040\000-\000\040\000E\000x\000p\000e\000r\000i\000m\000e\000n\000t\000\040\0000\0002}{chapter.6}% 21
\BOOKMARK [1][-]{section.6.4}{\376\377\000C\000a\000s\000e\000\040\000S\000t\000u\000d\000y\000\040\000-\000\040\000E\000x\000p\000e\000r\000i\000m\000e\000n\000t\000\040\0000\0003}{chapter.6}% 22
\BOOKMARK [1][-]{section.6.5}{\376\377\000S\000u\000m\000m\000a\000r\000y}{chapter.6}% 23
\BOOKMARK [0][-]{chapter.7}{\376\377\000C\000o\000n\000c\000l\000u\000s\000i\000o\000n}{}% 24
\BOOKMARK [1][-]{section.7.1}{\376\377\000S\000u\000m\000m\000a\000r\000y}{chapter.7}% 25
\BOOKMARK [1][-]{section.7.2}{\376\377\000F\000u\000t\000u\000r\000e\000\040\000W\000o\000r\000k}{chapter.7}% 26
\BOOKMARK [0][-]{section.7.2}{\376\377\000R\000e\000s\000u\000m\000\351}{}% 27
\BOOKMARK [0][-]{table.7.1}{\376\377\000L\000i\000s\000t\000\040\000o\000f\000\040\000A\000b\000b\000r\000e\000v\000i\000a\000t\000i\000o\000n\000s}{}% 28
\BOOKMARK [0][-]{chapter*.6}{\376\377\000L\000i\000s\000t\000\040\000o\000f\000\040\000F\000i\000g\000u\000r\000e\000s}{}% 29
\BOOKMARK [0][-]{chapter*.7}{\376\377\000L\000i\000s\000t\000\040\000o\000f\000\040\000T\000a\000b\000l\000e\000s}{}% 30
\BOOKMARK [0][-]{chapter*.9}{\376\377\000R\000e\000f\000e\000r\000e\000n\000c\000e\000s}{}% 31
\BOOKMARK [0][-]{appendix.A}{\376\377\000D\000e\000s\000c\000r\000i\000p\000t\000i\000o\000n\000\040\000o\000f\000\040\000D\000i\000g\000i\000t\000a\000l\000\040\000S\000u\000b\000m\000i\000s\000s\000i\000o\000n\000\040\000\040}{}% 32
\BOOKMARK [0][-]{appendix.B}{\376\377\000T\000e\000c\000h\000n\000i\000c\000a\000l\000\040\000D\000o\000c\000u\000m\000e\000n\000t\000a\000t\000i\000o\000n}{}% 33
\BOOKMARK [1][-]{section.B.1}{\376\377\000I\000n\000s\000t\000a\000l\000l\000a\000t\000i\000o\000n\000\040\000M\000a\000n\000u\000a\000l}{appendix.B}% 34
\BOOKMARK [1][-]{section.B.2}{\376\377\000U\000s\000e\000r\000\040\000M\000a\000n\000u\000a\000l\000\040\000/\000\040\000P\000o\000u\001\176\000\355\000v\000a\000t\000e\001\076\000s\000k\000\341\000\040\000p\000r\000\355\000r\000u\001\015\000k\000a}{appendix.B}% 35
\BOOKMARK [1][-]{section.B.3}{\376\377\000D\000e\000v\000e\000l\000o\000p\000e\000r\000\040\000M\000a\000n\000u\000a\000l}{appendix.B}% 36
\BOOKMARK [0][-]{appendix.C}{\376\377\000W\000o\000r\000k\000\040\000S\000c\000h\000e\000d\000u\000l\000e}{}% 37
\BOOKMARK [1][-]{section.C.1}{\376\377\000W\000o\000r\000k\000\040\000S\000c\000h\000e\000d\000u\000l\000e\000\040\000f\000o\000r\000\040\000B\000P\0001\000/\000D\000P\0001}{appendix.C}% 38
\BOOKMARK [1][-]{section.C.2}{\376\377\000W\000o\000r\000k\000\040\000S\000c\000h\000e\000d\000u\000l\000e\000\040\000f\000o\000r\000\040\000B\000P\0002\000/\000D\000P\0002}{appendix.C}% 39
\BOOKMARK [1][-]{section.C.3}{\376\377\000W\000o\000r\000k\000\040\000S\000c\000h\000e\000d\000u\000l\000e\000\040\000f\000o\000r\000\040\000D\000P\0003}{appendix.C}% 40
